[demos.pixinvent.com/frest-html-admin-template/html/vertical-menu-template/index.html]
[backblue.gif]
[fade.gif]
[index.html]
[external.html]
[demos.pixinvent.com/frest-html-admin-template/assets/vendor/js/helpers.js]
[demos.pixinvent.com/frest-html-admin-template/assets/vendor/js/template-customizer.js]
[demos.pixinvent.com/frest-html-admin-template/assets/js/config.js]
[demos.pixinvent.com/frest-html-admin-template/html/vertical-menu-template/index-2.html]
[demos.pixinvent.com/frest-html-admin-template/html/vertical-menu-template/app-ecommerce-dashboard.html]
[demos.pixinvent.com/frest-html-admin-template/html/vertical-menu-template/app-logistics-dashboard.html]
[demos.pixinvent.com/frest-html-admin-template/html/vertical-menu-template/app-academy-dashboard.html]
[demos.pixinvent.com/frest-html-admin-template/html/vertical-menu-template/layouts-collapsed-menu.html]
[demos.pixinvent.com/frest-html-admin-template/html/vertical-menu-template/layouts-content-navbar.html]
[demos.pixinvent.com/frest-html-admin-template/html/vertical-menu-template/layouts-content-navbar-with-sidebar.html]
[demos.pixinvent.com/frest-html-admin-template/html/vertical-menu-template/layouts-without-menu.html]
[demos.pixinvent.com/frest-html-admin-template/html/vertical-menu-template/layouts-without-navbar.html]
[demos.pixinvent.com/frest-html-admin-template/html/vertical-menu-template/layouts-fluid.html]
[demos.pixinvent.com/frest-html-admin-template/html/vertical-menu-template/layouts-container.html]
[demos.pixinvent.com/frest-html-admin-template/html/vertical-menu-template/layouts-blank.html]
[demos.pixinvent.com/frest-html-admin-template/html/vertical-menu-template/app-email.html]
[demos.pixinvent.com/frest-html-admin-template/html/vertical-menu-template/app-chat.html]
[demos.pixinvent.com/frest-html-admin-template/html/vertical-menu-template/app-calendar.html]
[demos.pixinvent.com/frest-html-admin-template/html/vertical-menu-template/app-kanban.html]
[demos.pixinvent.com/frest-html-admin-template/html/vertical-menu-template/app-ecommerce-product-list.html]
[demos.pixinvent.com/frest-html-admin-template/html/vertical-menu-template/app-ecommerce-product-add.html]
[demos.pixinvent.com/frest-html-admin-template/html/vertical-menu-template/app-ecommerce-category-list.html]
[demos.pixinvent.com/frest-html-admin-template/html/vertical-menu-template/app-ecommerce-order-list.html]
[demos.pixinvent.com/frest-html-admin-template/html/vertical-menu-template/app-ecommerce-order-details.html]
[demos.pixinvent.com/frest-html-admin-template/html/vertical-menu-template/app-ecommerce-customer-all.html]
[demos.pixinvent.com/frest-html-admin-template/html/vertical-menu-template/app-ecommerce-customer-details-overview.html]
[demos.pixinvent.com/frest-html-admin-template/html/vertical-menu-template/app-ecommerce-customer-details-security.html]
[demos.pixinvent.com/frest-html-admin-template/html/vertical-menu-template/app-ecommerce-customer-details-billing.html]
[demos.pixinvent.com/frest-html-admin-template/html/vertical-menu-template/app-ecommerce-customer-details-notifications.html]
[demos.pixinvent.com/frest-html-admin-template/html/vertical-menu-template/app-ecommerce-settings-detail.html]
[demos.pixinvent.com/frest-html-admin-template/html/vertical-menu-template/app-ecommerce-settings-payments.html]
[demos.pixinvent.com/frest-html-admin-template/html/vertical-menu-template/app-ecommerce-settings-checkout.html]
[demos.pixinvent.com/frest-html-admin-template/html/vertical-menu-template/app-ecommerce-settings-shipping.html]
[demos.pixinvent.com/frest-html-admin-template/html/vertical-menu-template/app-ecommerce-settings-locations.html]
[demos.pixinvent.com/frest-html-admin-template/html/vertical-menu-template/app-ecommerce-settings-notifications.html]
[demos.pixinvent.com/frest-html-admin-template/html/vertical-menu-template/app-academy-course.html]
[demos.pixinvent.com/frest-html-admin-template/html/vertical-menu-template/app-logistics-fleet.html]
[demos.pixinvent.com/frest-html-admin-template/html/vertical-menu-template/app-invoice-list.html]
[demos.pixinvent.com/frest-html-admin-template/html/vertical-menu-template/app-invoice-preview.html]
[demos.pixinvent.com/frest-html-admin-template/html/vertical-menu-template/app-invoice-edit.html]
[demos.pixinvent.com/frest-html-admin-template/html/vertical-menu-template/app-invoice-add.html]
[demos.pixinvent.com/frest-html-admin-template/html/vertical-menu-template/app-user-list.html]
[demos.pixinvent.com/frest-html-admin-template/html/vertical-menu-template/app-user-view-account.html]
[demos.pixinvent.com/frest-html-admin-template/html/vertical-menu-template/app-user-view-security.html]
[demos.pixinvent.com/frest-html-admin-template/html/vertical-menu-template/app-user-view-billing.html]
[demos.pixinvent.com/frest-html-admin-template/html/vertical-menu-template/app-user-view-notifications.html]
[demos.pixinvent.com/frest-html-admin-template/html/vertical-menu-template/app-user-view-connections.html]
[demos.pixinvent.com/frest-html-admin-template/html/vertical-menu-template/app-access-roles.html]
[demos.pixinvent.com/frest-html-admin-template/html/vertical-menu-template/app-access-permission.html]
[demos.pixinvent.com/frest-html-admin-template/html/vertical-menu-template/pages-profile-user.html]
[demos.pixinvent.com/frest-html-admin-template/html/vertical-menu-template/pages-profile-teams.html]
[demos.pixinvent.com/frest-html-admin-template/html/vertical-menu-template/pages-profile-projects.html]
[demos.pixinvent.com/frest-html-admin-template/html/vertical-menu-template/pages-profile-connections.html]
[demos.pixinvent.com/frest-html-admin-template/html/vertical-menu-template/pages-account-settings-account.html]
[demos.pixinvent.com/frest-html-admin-template/html/vertical-menu-template/pages-account-settings-security.html]
[demos.pixinvent.com/frest-html-admin-template/html/vertical-menu-template/pages-account-settings-billing.html]
[demos.pixinvent.com/frest-html-admin-template/html/vertical-menu-template/pages-account-settings-notifications.html]
[demos.pixinvent.com/frest-html-admin-template/html/vertical-menu-template/pages-account-settings-connections.html]
[demos.pixinvent.com/frest-html-admin-template/html/vertical-menu-template/pages-faq.html]
[demos.pixinvent.com/frest-html-admin-template/html/vertical-menu-template/pages-pricing.html]
[demos.pixinvent.com/frest-html-admin-template/html/vertical-menu-template/pages-misc-error.html]
[demos.pixinvent.com/frest-html-admin-template/html/vertical-menu-template/pages-misc-under-maintenance.html]
[demos.pixinvent.com/frest-html-admin-template/html/vertical-menu-template/pages-misc-comingsoon.html]
[demos.pixinvent.com/frest-html-admin-template/html/vertical-menu-template/pages-misc-not-authorized.html]
[demos.pixinvent.com/frest-html-admin-template/html/vertical-menu-template/auth-login-basic.html]
[demos.pixinvent.com/frest-html-admin-template/html/vertical-menu-template/auth-login-cover.html]
[demos.pixinvent.com/frest-html-admin-template/html/vertical-menu-template/auth-register-basic.html]
[demos.pixinvent.com/frest-html-admin-template/html/vertical-menu-template/auth-register-cover.html]
[demos.pixinvent.com/frest-html-admin-template/html/vertical-menu-template/auth-register-multisteps.html]
[demos.pixinvent.com/frest-html-admin-template/html/vertical-menu-template/auth-verify-email-basic.html]
[demos.pixinvent.com/frest-html-admin-template/html/vertical-menu-template/auth-verify-email-cover.html]
[demos.pixinvent.com/frest-html-admin-template/html/vertical-menu-template/auth-reset-password-basic.html]
[demos.pixinvent.com/frest-html-admin-template/html/vertical-menu-template/auth-reset-password-cover.html]
[demos.pixinvent.com/frest-html-admin-template/html/vertical-menu-template/auth-forgot-password-basic.html]
[demos.pixinvent.com/frest-html-admin-template/html/vertical-menu-template/auth-forgot-password-cover.html]
[demos.pixinvent.com/frest-html-admin-template/html/vertical-menu-template/auth-two-steps-basic.html]
[demos.pixinvent.com/frest-html-admin-template/html/vertical-menu-template/auth-two-steps-cover.html]
[demos.pixinvent.com/frest-html-admin-template/html/vertical-menu-template/wizard-ex-checkout.html]
[demos.pixinvent.com/frest-html-admin-template/html/vertical-menu-template/wizard-ex-property-listing.html]
[demos.pixinvent.com/frest-html-admin-template/html/vertical-menu-template/wizard-ex-create-deal.html]
[demos.pixinvent.com/frest-html-admin-template/html/vertical-menu-template/modal-examples.html]
[demos.pixinvent.com/frest-html-admin-template/html/vertical-menu-template/cards-basic.html]
[demos.pixinvent.com/frest-html-admin-template/html/vertical-menu-template/cards-advance.html]
[demos.pixinvent.com/frest-html-admin-template/html/vertical-menu-template/cards-statistics.html]
[demos.pixinvent.com/frest-html-admin-template/html/vertical-menu-template/cards-analytics.html]
[demos.pixinvent.com/frest-html-admin-template/html/vertical-menu-template/cards-actions.html]
[demos.pixinvent.com/frest-html-admin-template/html/vertical-menu-template/ui-accordion.html]
[demos.pixinvent.com/frest-html-admin-template/html/vertical-menu-template/ui-alerts.html]
[demos.pixinvent.com/frest-html-admin-template/html/vertical-menu-template/ui-badges.html]
[demos.pixinvent.com/frest-html-admin-template/html/vertical-menu-template/ui-buttons.html]
[demos.pixinvent.com/frest-html-admin-template/html/vertical-menu-template/ui-carousel.html]
[demos.pixinvent.com/frest-html-admin-template/html/vertical-menu-template/ui-collapse.html]
[demos.pixinvent.com/frest-html-admin-template/html/vertical-menu-template/ui-dropdowns.html]
[demos.pixinvent.com/frest-html-admin-template/html/vertical-menu-template/ui-footer.html]
[demos.pixinvent.com/frest-html-admin-template/html/vertical-menu-template/ui-list-groups.html]
[demos.pixinvent.com/frest-html-admin-template/html/vertical-menu-template/ui-modals.html]
[demos.pixinvent.com/frest-html-admin-template/html/vertical-menu-template/ui-navbar.html]
[demos.pixinvent.com/frest-html-admin-template/html/vertical-menu-template/ui-offcanvas.html]
[demos.pixinvent.com/frest-html-admin-template/html/vertical-menu-template/ui-pagination-breadcrumbs.html]
[demos.pixinvent.com/frest-html-admin-template/html/vertical-menu-template/ui-progress.html]
[demos.pixinvent.com/frest-html-admin-template/html/vertical-menu-template/ui-spinners.html]
[demos.pixinvent.com/frest-html-admin-template/html/vertical-menu-template/ui-tabs-pills.html]
[demos.pixinvent.com/frest-html-admin-template/html/vertical-menu-template/ui-toasts.html]
[demos.pixinvent.com/frest-html-admin-template/html/vertical-menu-template/ui-tooltips-popovers.html]
[demos.pixinvent.com/frest-html-admin-template/html/vertical-menu-template/ui-typography.html]
[demos.pixinvent.com/frest-html-admin-template/html/vertical-menu-template/extended-ui-avatar.html]
[demos.pixinvent.com/frest-html-admin-template/html/vertical-menu-template/extended-ui-blockui.html]
[demos.pixinvent.com/frest-html-admin-template/html/vertical-menu-template/extended-ui-drag-and-drop.html]
[demos.pixinvent.com/frest-html-admin-template/html/vertical-menu-template/extended-ui-media-player.html]
[demos.pixinvent.com/frest-html-admin-template/html/vertical-menu-template/extended-ui-perfect-scrollbar.html]
[demos.pixinvent.com/frest-html-admin-template/html/vertical-menu-template/extended-ui-star-ratings.html]
[demos.pixinvent.com/frest-html-admin-template/html/vertical-menu-template/extended-ui-sweetalert2.html]
[demos.pixinvent.com/frest-html-admin-template/html/vertical-menu-template/extended-ui-text-divider.html]
[demos.pixinvent.com/frest-html-admin-template/html/vertical-menu-template/extended-ui-timeline-basic.html]
[demos.pixinvent.com/frest-html-admin-template/html/vertical-menu-template/extended-ui-timeline-fullscreen.html]
[demos.pixinvent.com/frest-html-admin-template/html/vertical-menu-template/extended-ui-tour.html]
[demos.pixinvent.com/frest-html-admin-template/html/vertical-menu-template/extended-ui-treeview.html]
[demos.pixinvent.com/frest-html-admin-template/html/vertical-menu-template/extended-ui-misc.html]
[demos.pixinvent.com/frest-html-admin-template/html/vertical-menu-template/icons-boxicons.html]
[demos.pixinvent.com/frest-html-admin-template/html/vertical-menu-template/icons-font-awesome.html]
[demos.pixinvent.com/frest-html-admin-template/html/vertical-menu-template/forms-basic-inputs.html]
[demos.pixinvent.com/frest-html-admin-template/html/vertical-menu-template/forms-input-groups.html]
[demos.pixinvent.com/frest-html-admin-template/html/vertical-menu-template/forms-custom-options.html]
[demos.pixinvent.com/frest-html-admin-template/html/vertical-menu-template/forms-editors.html]
[demos.pixinvent.com/frest-html-admin-template/html/vertical-menu-template/forms-file-upload.html]
[demos.pixinvent.com/frest-html-admin-template/html/vertical-menu-template/forms-pickers.html]
[demos.pixinvent.com/frest-html-admin-template/html/vertical-menu-template/forms-selects.html]
[demos.pixinvent.com/frest-html-admin-template/html/vertical-menu-template/forms-sliders.html]
[demos.pixinvent.com/frest-html-admin-template/html/vertical-menu-template/forms-switches.html]
[demos.pixinvent.com/frest-html-admin-template/html/vertical-menu-template/forms-extras.html]
[demos.pixinvent.com/frest-html-admin-template/html/vertical-menu-template/form-layouts-vertical.html]
[demos.pixinvent.com/frest-html-admin-template/html/vertical-menu-template/form-layouts-horizontal.html]
[demos.pixinvent.com/frest-html-admin-template/html/vertical-menu-template/form-layouts-sticky.html]
[demos.pixinvent.com/frest-html-admin-template/html/vertical-menu-template/form-wizard-numbered.html]
[demos.pixinvent.com/frest-html-admin-template/html/vertical-menu-template/form-wizard-icons.html]
[demos.pixinvent.com/frest-html-admin-template/html/vertical-menu-template/form-validation.html]
[demos.pixinvent.com/frest-html-admin-template/html/vertical-menu-template/tables-basic.html]
[demos.pixinvent.com/frest-html-admin-template/html/vertical-menu-template/tables-datatables-basic.html]
[demos.pixinvent.com/frest-html-admin-template/html/vertical-menu-template/tables-datatables-advanced.html]
[demos.pixinvent.com/frest-html-admin-template/html/vertical-menu-template/tables-datatables-extensions.html]
[demos.pixinvent.com/frest-html-admin-template/html/vertical-menu-template/charts-apex.html]
[demos.pixinvent.com/frest-html-admin-template/html/vertical-menu-template/charts-chartjs.html]
[demos.pixinvent.com/frest-html-admin-template/html/vertical-menu-template/maps-leaflet.html]
[demos.pixinvent.com/frest-html-admin-template/assets/img/avatars/1.png]
[demos.pixinvent.com/frest-html-admin-template/assets/img/avatars/2.png]
[demos.pixinvent.com/frest-html-admin-template/assets/img/avatars/9.png]
[demos.pixinvent.com/frest-html-admin-template/assets/img/avatars/5.png]
[demos.pixinvent.com/frest-html-admin-template/assets/img/avatars/6.png]
[demos.pixinvent.com/frest-html-admin-template/assets/img/avatars/4.png]
[demos.pixinvent.com/frest-html-admin-template/assets/img/avatars/12.png]
[demos.pixinvent.com/frest-html-admin-template/assets/img/avatars/14.png]
[demos.pixinvent.com/frest-html-admin-template/assets/img/avatars/10.png]
[demos.pixinvent.com/frest-html-admin-template/assets/img/icons/misc/pdf.png]
[demos.pixinvent.com/frest-html-admin-template/assets/vendor/libs/jquery/jquery.js]
[demos.pixinvent.com/frest-html-admin-template/assets/vendor/libs/popper/popper.js]
[demos.pixinvent.com/frest-html-admin-template/assets/vendor/js/bootstrap.js]
[demos.pixinvent.com/frest-html-admin-template/assets/vendor/libs/perfect-scrollbar/perfect-scrollbar.js]
[demos.pixinvent.com/frest-html-admin-template/assets/vendor/libs/hammer/hammer.js]
[demos.pixinvent.com/frest-html-admin-template/assets/vendor/libs/i18n/i18n.js]
[demos.pixinvent.com/frest-html-admin-template/assets/vendor/libs/typeahead-js/typeahead.js]
[demos.pixinvent.com/frest-html-admin-template/assets/vendor/js/menu.js]
[demos.pixinvent.com/frest-html-admin-template/assets/vendor/libs/apex-charts/apexcharts.js]
[demos.pixinvent.com/frest-html-admin-template/assets/js/main.js]
[demos.pixinvent.com/frest-html-admin-template/assets/js/dashboards-analytics.js]
[demos.pixinvent.com/frest-html-admin-template/html/vertical-menu-template/index.html]
[www.googletagmanager.com/gtm5445.html]
[demos.pixinvent.com/frest-html-admin-template/assets/vendor/fonts/boxicons.eot]
[demos.pixinvent.com/frest-html-admin-template/assets/vendor/fonts/boxicons.woff2]
[demos.pixinvent.com/frest-html-admin-template/assets/vendor/fonts/boxicons.woff]
[demos.pixinvent.com/frest-html-admin-template/assets/vendor/fonts/boxicons.ttf]
[demos.pixinvent.com/frest-html-admin-template/assets/vendor/fonts/boxiconsd41d.svg]
[demos.pixinvent.com/frest-html-admin-template/assets/vendor/fonts/boxicons/boxicons.eot]
[demos.pixinvent.com/frest-html-admin-template/assets/vendor/fonts/boxicons/boxicons.woff2]
[demos.pixinvent.com/frest-html-admin-template/assets/vendor/fonts/boxicons/boxicons.woff]
[demos.pixinvent.com/frest-html-admin-template/assets/vendor/fonts/boxicons/boxicons.ttf]
[demos.pixinvent.com/frest-html-admin-template/assets/vendor/fonts/boxicons.css]
[demos.pixinvent.com/frest-html-admin-template/assets/vendor/fonts/fontawesome/fa-regular-400.woff2]
[demos.pixinvent.com/frest-html-admin-template/assets/vendor/fonts/fontawesome/fa-regular-400.ttf]
[demos.pixinvent.com/frest-html-admin-template/assets/vendor/fonts/fontawesome/fa-solid-900.woff2]
[demos.pixinvent.com/frest-html-admin-template/assets/vendor/fonts/fontawesome/fa-solid-900.ttf]
[demos.pixinvent.com/frest-html-admin-template/assets/vendor/fonts/fontawesome/fa-brands-400.woff2]
[demos.pixinvent.com/frest-html-admin-template/assets/vendor/fonts/fontawesome/fa-brands-400.ttf]
[demos.pixinvent.com/frest-html-admin-template/assets/vendor/fonts/fontawesome.css]
[demos.pixinvent.com/frest-html-admin-template/assets/vendor/fonts/flag-icons.css]
[demos.pixinvent.com/frest-html-admin-template/assets/vendor/css/rtl/core.css]
[demos.pixinvent.com/frest-html-admin-template/assets/vendor/css/rtl/theme-default.css]
[demos.pixinvent.com/frest-html-admin-template/assets/css/demo.css]
[demos.pixinvent.com/frest-html-admin-template/assets/vendor/libs/perfect-scrollbar/perfect-scrollbar.css]
[demos.pixinvent.com/frest-html-admin-template/assets/vendor/libs/typeahead-js/typeahead.css]
[demos.pixinvent.com/frest-html-admin-template/assets/vendor/libs/apex-charts/apex-charts.css]
[demos.pixinvent.com/frest-html-admin-template/html/vertical-menu-template/index-2.html]
[demos.pixinvent.com/frest-html-admin-template/assets/img/illustrations/prize-light.png]
[demos.pixinvent.com/frest-html-admin-template/html/vertical-menu-template/illustrations/prize-dark.png]
[demos.pixinvent.com/frest-html-admin-template/assets/img/icons/brands/fastrack.png]
[demos.pixinvent.com/frest-html-admin-template/assets/img/icons/brands/puma.png]
[demos.pixinvent.com/frest-html-admin-template/assets/img/icons/brands/nike.png]
[demos.pixinvent.com/frest-html-admin-template/assets/img/icons/brands/oneplus.png]
[demos.pixinvent.com/frest-html-admin-template/assets/img/icons/brands/google.png]
[demos.pixinvent.com/frest-html-admin-template/assets/js/app-ecommerce-dashboard.js]
[demos.pixinvent.com/frest-html-admin-template/html/vertical-menu-template/app-ecommerce-dashboard.html]
[demos.pixinvent.com/frest-html-admin-template/assets/vendor/libs/datatables-bs5/datatables-bootstrap5.js]
[demos.pixinvent.com/frest-html-admin-template/assets/js/app-logistics-dashboard.js]
[demos.pixinvent.com/frest-html-admin-template/html/vertical-menu-template/app-logistics-dashboard.html]
[demos.pixinvent.com/frest-html-admin-template/assets/img/avatars/3.png]
[demos.pixinvent.com/frest-html-admin-template/assets/img/illustrations/sitting-girl-with-laptop-light.png]
[demos.pixinvent.com/frest-html-admin-template/html/vertical-menu-template/illustrations/sitting-girl-with-laptop-dark.png]
[demos.pixinvent.com/frest-html-admin-template/assets/vendor/libs/moment/moment.js]
[demos.pixinvent.com/frest-html-admin-template/assets/js/app-academy-dashboard.js]
[demos.pixinvent.com/frest-html-admin-template/html/vertical-menu-template/app-academy-dashboard.html]
[demos.pixinvent.com/frest-html-admin-template/assets/img/layouts/layout-collapsed-menu-light.png]
[demos.pixinvent.com/frest-html-admin-template/html/vertical-menu-template/layouts/layout-collapsed-menu-dark.png]
[demos.pixinvent.com/frest-html-admin-template/html/vertical-menu-template/layouts-collapsed-menu.html]
[demos.pixinvent.com/frest-html-admin-template/assets/img/layouts/layout-content-navbar-light.png]
[demos.pixinvent.com/frest-html-admin-template/html/vertical-menu-template/layouts/layout-content-navbar-dark.png]
[demos.pixinvent.com/frest-html-admin-template/html/vertical-menu-template/layouts-content-navbar.html]
[demos.pixinvent.com/frest-html-admin-template/assets/img/layouts/layout-content-navbar-and-sidebar-light.png]
[demos.pixinvent.com/frest-html-admin-template/html/vertical-menu-template/layouts/layout-content-navbar-and-sidebar-dark.png]
[demos.pixinvent.com/frest-html-admin-template/html/vertical-menu-template/layouts-content-navbar-with-sidebar.html]
[demos.pixinvent.com/frest-html-admin-template/assets/img/layouts/layout-without-menu-light.png]
[demos.pixinvent.com/frest-html-admin-template/html/vertical-menu-template/layouts/layout-without-menu-dark.png]
[demos.pixinvent.com/frest-html-admin-template/html/vertical-menu-template/layouts-without-menu.html]
[demos.pixinvent.com/frest-html-admin-template/assets/img/layouts/layout-without-navbar-light.png]
[demos.pixinvent.com/frest-html-admin-template/html/vertical-menu-template/layouts/layout-without-navbar-dark.png]
[demos.pixinvent.com/frest-html-admin-template/html/vertical-menu-template/layouts-without-navbar.html]
[demos.pixinvent.com/frest-html-admin-template/assets/img/layouts/layout-fluid-light.png]
[demos.pixinvent.com/frest-html-admin-template/html/vertical-menu-template/layouts/layout-fluid-dark.png]
[demos.pixinvent.com/frest-html-admin-template/html/vertical-menu-template/layouts-fluid.html]
[demos.pixinvent.com/frest-html-admin-template/assets/img/layouts/layout-container-light.png]
[demos.pixinvent.com/frest-html-admin-template/html/vertical-menu-template/layouts/layout-container-dark.png]
[demos.pixinvent.com/frest-html-admin-template/html/vertical-menu-template/layouts-container.html]
[demos.pixinvent.com/frest-html-admin-template/html/vertical-menu-template/layouts-blank.html]
[demos.pixinvent.com/frest-html-admin-template/assets/vendor/libs/quill/katex.js]
[demos.pixinvent.com/frest-html-admin-template/assets/vendor/libs/quill/quill.js]
[demos.pixinvent.com/frest-html-admin-template/assets/vendor/libs/select2/select2.js]
[demos.pixinvent.com/frest-html-admin-template/assets/vendor/libs/block-ui/block-ui.js]
[demos.pixinvent.com/frest-html-admin-template/assets/js/app-email.js]
[demos.pixinvent.com/frest-html-admin-template/html/vertical-menu-template/app-email.html]
[demos.pixinvent.com/frest-html-admin-template/assets/img/avatars/13.png]
[demos.pixinvent.com/frest-html-admin-template/assets/img/avatars/7.png]
[demos.pixinvent.com/frest-html-admin-template/assets/img/avatars/8.png]
[demos.pixinvent.com/frest-html-admin-template/assets/img/avatars/11.png]
[demos.pixinvent.com/frest-html-admin-template/assets/vendor/libs/bootstrap-maxlength/bootstrap-maxlength.js]
[demos.pixinvent.com/frest-html-admin-template/assets/js/app-chat.js]
[demos.pixinvent.com/frest-html-admin-template/html/vertical-menu-template/app-chat.html]
[demos.pixinvent.com/frest-html-admin-template/assets/vendor/libs/fullcalendar/fullcalendar.js]
[demos.pixinvent.com/frest-html-admin-template/assets/vendor/libs/@form-validation/umd/bundle/popular.min.js]
[demos.pixinvent.com/frest-html-admin-template/assets/vendor/libs/@form-validation/umd/plugin-bootstrap5/index.min.js]
[demos.pixinvent.com/frest-html-admin-template/assets/vendor/libs/@form-validation/umd/plugin-auto-focus/index.min.js]
[demos.pixinvent.com/frest-html-admin-template/assets/vendor/libs/flatpickr/flatpickr.js]
[demos.pixinvent.com/frest-html-admin-template/assets/js/app-calendar-events.js]
[demos.pixinvent.com/frest-html-admin-template/assets/js/app-calendar.js]
[demos.pixinvent.com/frest-html-admin-template/html/vertical-menu-template/app-calendar.html]
[demos.pixinvent.com/frest-html-admin-template/assets/vendor/libs/jkanban/jkanban.js]
[demos.pixinvent.com/frest-html-admin-template/assets/js/app-kanban.js]
[demos.pixinvent.com/frest-html-admin-template/html/vertical-menu-template/app-kanban.html]
[demos.pixinvent.com/frest-html-admin-template/assets/js/app-ecommerce-product-list.js]
[demos.pixinvent.com/frest-html-admin-template/html/vertical-menu-template/app-ecommerce-product-list.html]
[demos.pixinvent.com/frest-html-admin-template/assets/vendor/libs/dropzone/dropzone.js]
[demos.pixinvent.com/frest-html-admin-template/assets/vendor/libs/jquery-repeater/jquery-repeater.js]
[demos.pixinvent.com/frest-html-admin-template/assets/vendor/libs/tagify/tagify.js]
[demos.pixinvent.com/frest-html-admin-template/assets/js/app-ecommerce-product-add.js]
[demos.pixinvent.com/frest-html-admin-template/html/vertical-menu-template/app-ecommerce-product-add.html]
[demos.pixinvent.com/frest-html-admin-template/assets/js/app-ecommerce-category-list.js]
[demos.pixinvent.com/frest-html-admin-template/html/vertical-menu-template/app-ecommerce-category-list.html]
[demos.pixinvent.com/frest-html-admin-template/assets/js/app-ecommerce-order-list.js]
[demos.pixinvent.com/frest-html-admin-template/html/vertical-menu-template/app-ecommerce-order-list.html]
[demos.pixinvent.com/frest-html-admin-template/assets/vendor/libs/sweetalert2/sweetalert2.js]
[demos.pixinvent.com/frest-html-admin-template/assets/vendor/libs/cleavejs/cleave.js]
[demos.pixinvent.com/frest-html-admin-template/assets/vendor/libs/cleavejs/cleave-phone.js]
[demos.pixinvent.com/frest-html-admin-template/assets/js/app-ecommerce-order-details.js]
[demos.pixinvent.com/frest-html-admin-template/assets/js/modal-add-new-address.js]
[demos.pixinvent.com/frest-html-admin-template/assets/js/modal-edit-user.js]
[demos.pixinvent.com/frest-html-admin-template/html/vertical-menu-template/app-ecommerce-order-details.html]
[demos.pixinvent.com/frest-html-admin-template/assets/js/app-ecommerce-customer-all.js]
[demos.pixinvent.com/frest-html-admin-template/html/vertical-menu-template/app-ecommerce-customer-all.html]
[demos.pixinvent.com/frest-html-admin-template/assets/img/illustrations/rocket.png]
[demos.pixinvent.com/frest-html-admin-template/assets/js/app-ecommerce-customer-detail.js]
[demos.pixinvent.com/frest-html-admin-template/assets/js/app-ecommerce-customer-detail-overview.js]
[demos.pixinvent.com/frest-html-admin-template/html/vertical-menu-template/app-ecommerce-customer-details-overview.html]
[demos.pixinvent.com/frest-html-admin-template/assets/js/modal-enable-otp.js]
[demos.pixinvent.com/frest-html-admin-template/html/vertical-menu-template/app-ecommerce-customer-details-security.html]
[demos.pixinvent.com/frest-html-admin-template/assets/js/app-user-view-security.js]
[demos.pixinvent.com/frest-html-admin-template/assets/img/icons/payments/master-light.png]
[demos.pixinvent.com/frest-html-admin-template/html/vertical-menu-template/icons/payments/master-dark.png]
[demos.pixinvent.com/frest-html-admin-template/assets/img/icons/payments/ae-light.png]
[demos.pixinvent.com/frest-html-admin-template/html/vertical-menu-template/icons/payments/ae-dark.png]
[demos.pixinvent.com/frest-html-admin-template/assets/img/icons/payments/visa-light.png]
[demos.pixinvent.com/frest-html-admin-template/html/vertical-menu-template/icons/payments/visa-dark.png]
[demos.pixinvent.com/frest-html-admin-template/assets/js/modal-edit-cc.js]
[demos.pixinvent.com/frest-html-admin-template/assets/js/modal-add-new-cc.js]
[demos.pixinvent.com/frest-html-admin-template/html/vertical-menu-template/app-ecommerce-customer-details-billing.html]
[demos.pixinvent.com/frest-html-admin-template/html/vertical-menu-template/app-ecommerce-customer-details-notifications.html]
[demos.pixinvent.com/frest-html-admin-template/html/vertical-menu-template/app-ecommerce-manage-reviews.html]
[demos.pixinvent.com/frest-html-admin-template/html/vertical-menu-template/app-ecommerce-referral.html]
[demos.pixinvent.com/frest-html-admin-template/html/vertical-menu-template/app-ecommerce-settings-detail.html]
[demos.pixinvent.com/frest-html-admin-template/assets/js/app-ecommerce-settings.js]
[demos.pixinvent.com/frest-html-admin-template/assets/img/icons/payments/paypal.png]
[demos.pixinvent.com/frest-html-admin-template/assets/img/icons/payments/jcb-light.png]
[demos.pixinvent.com/frest-html-admin-template/html/vertical-menu-template/icons/payments/jcb-dark.png]
[demos.pixinvent.com/frest-html-admin-template/assets/img/icons/payments/dc-light.png]
[demos.pixinvent.com/frest-html-admin-template/html/vertical-menu-template/icons/payments/dc-dark.png]
[demos.pixinvent.com/frest-html-admin-template/html/vertical-menu-template/app-ecommerce-settings-payments.html]
[demos.pixinvent.com/frest-html-admin-template/html/vertical-menu-template/app-ecommerce-settings-checkout.html]
[demos.pixinvent.com/frest-html-admin-template/html/vertical-menu-template/app-ecommerce-settings-shipping.html]
[demos.pixinvent.com/frest-html-admin-template/html/vertical-menu-template/app-ecommerce-settings-locations.html]
[demos.pixinvent.com/frest-html-admin-template/html/vertical-menu-template/app-ecommerce-settings-notifications.html]
[demos.pixinvent.com/frest-html-admin-template/assets/img/illustrations/bulb-light.png]
[demos.pixinvent.com/frest-html-admin-template/assets/img/illustrations/pencil-rocket.png]
[demos.pixinvent.com/frest-html-admin-template/assets/img/pages/app-academy-tutor-1.png]
[demos.pixinvent.com/frest-html-admin-template/assets/img/pages/app-academy-tutor-2.png]
[demos.pixinvent.com/frest-html-admin-template/assets/img/pages/app-academy-tutor-3.png]
[demos.pixinvent.com/frest-html-admin-template/assets/img/pages/app-academy-tutor-4.png]
[demos.pixinvent.com/frest-html-admin-template/assets/img/pages/app-academy-tutor-5.png]
[demos.pixinvent.com/frest-html-admin-template/assets/img/pages/app-academy-tutor-6.png]
[demos.pixinvent.com/frest-html-admin-template/assets/img/illustrations/boy-app-academy.png]
[demos.pixinvent.com/frest-html-admin-template/assets/img/illustrations/girl-app-academy.png]
[cdn.plyr.io/static/demo/View_From_A_Blue_Moon_Trailer-HD.jpg]
[demos.pixinvent.com/frest-html-admin-template/assets/vendor/libs/plyr/plyr.js]
[demos.pixinvent.com/frest-html-admin-template/html/vertical-menu-template/app-academy-course.html]
[demos.pixinvent.com/frest-html-admin-template/assets/js/app-academy-course.js]
[demos.pixinvent.com/frest-html-admin-template/html/vertical-menu-template/app-academy-course-details.html]
[demos.pixinvent.com/frest-html-admin-template/assets/vendor/libs/mapbox-gl/mapbox-gl.js]
[demos.pixinvent.com/frest-html-admin-template/html/vertical-menu-template/app-logistics-fleet.html]
[demos.pixinvent.com/frest-html-admin-template/assets/js/app-logistics-fleet.js]
[demos.pixinvent.com/frest-html-admin-template/assets/js/app-invoice-list.js]
[demos.pixinvent.com/frest-html-admin-template/html/vertical-menu-template/app-invoice-list.html]
[demos.pixinvent.com/frest-html-admin-template/html/vertical-menu-template/app-invoice-print.html]
[demos.pixinvent.com/frest-html-admin-template/assets/js/offcanvas-add-payment.js]
[demos.pixinvent.com/frest-html-admin-template/assets/js/offcanvas-send-invoice.js]
[demos.pixinvent.com/frest-html-admin-template/html/vertical-menu-template/app-invoice-preview.html]
[demos.pixinvent.com/frest-html-admin-template/assets/js/app-invoice-edit.js]
[demos.pixinvent.com/frest-html-admin-template/html/vertical-menu-template/app-invoice-edit.html]
[demos.pixinvent.com/frest-html-admin-template/assets/js/app-invoice-add.js]
[demos.pixinvent.com/frest-html-admin-template/html/vertical-menu-template/app-invoice-add.html]
[demos.pixinvent.com/frest-html-admin-template/assets/js/app-user-list.js]
[demos.pixinvent.com/frest-html-admin-template/html/vertical-menu-template/app-user-list.html]
[demos.pixinvent.com/frest-html-admin-template/assets/js/app-user-view.js]
[demos.pixinvent.com/frest-html-admin-template/assets/js/app-user-view-account.js]
[demos.pixinvent.com/frest-html-admin-template/html/vertical-menu-template/app-user-view-account.html]
[demos.pixinvent.com/frest-html-admin-template/html/vertical-menu-template/app-user-view-security.html]
[demos.pixinvent.com/frest-html-admin-template/assets/img/icons/payments/mastercard.png]
[demos.pixinvent.com/frest-html-admin-template/assets/img/icons/payments/visa.png]
[demos.pixinvent.com/frest-html-admin-template/assets/img/icons/payments/american-express-logo.png]
[demos.pixinvent.com/frest-html-admin-template/assets/js/app-user-view-billing.js]
[demos.pixinvent.com/frest-html-admin-template/html/vertical-menu-template/app-user-view-billing.html]
[demos.pixinvent.com/frest-html-admin-template/html/vertical-menu-template/app-user-view-notifications.html]
[demos.pixinvent.com/frest-html-admin-template/assets/img/icons/brands/slack.png]
[demos.pixinvent.com/frest-html-admin-template/assets/img/icons/brands/github.png]
[demos.pixinvent.com/frest-html-admin-template/assets/img/icons/brands/mailchimp.png]
[demos.pixinvent.com/frest-html-admin-template/assets/img/icons/brands/asana.png]
[demos.pixinvent.com/frest-html-admin-template/assets/img/icons/brands/facebook.png]
[demos.pixinvent.com/frest-html-admin-template/assets/img/icons/brands/twitter.png]
[demos.pixinvent.com/frest-html-admin-template/assets/img/icons/brands/instagram.png]
[demos.pixinvent.com/frest-html-admin-template/assets/img/icons/brands/dribbble.png]
[demos.pixinvent.com/frest-html-admin-template/assets/img/icons/brands/behance.png]
[demos.pixinvent.com/frest-html-admin-template/html/vertical-menu-template/app-user-view-connections.html]
[demos.pixinvent.com/frest-html-admin-template/assets/img/avatars/15.png]
[demos.pixinvent.com/frest-html-admin-template/assets/img/illustrations/lady-with-laptop-light.png]
[demos.pixinvent.com/frest-html-admin-template/html/vertical-menu-template/illustrations/lady-with-laptop-dark.png]
[demos.pixinvent.com/frest-html-admin-template/assets/js/app-access-roles.js]
[demos.pixinvent.com/frest-html-admin-template/assets/js/modal-add-role.js]
[demos.pixinvent.com/frest-html-admin-template/html/vertical-menu-template/app-access-roles.html]
[demos.pixinvent.com/frest-html-admin-template/assets/js/app-access-permission.js]
[demos.pixinvent.com/frest-html-admin-template/assets/js/modal-add-permission.js]
[demos.pixinvent.com/frest-html-admin-template/assets/js/modal-edit-permission.js]
[demos.pixinvent.com/frest-html-admin-template/html/vertical-menu-template/app-access-permission.html]
[demos.pixinvent.com/frest-html-admin-template/assets/img/pages/profile-banner.png]
[demos.pixinvent.com/frest-html-admin-template/assets/img/icons/misc/doc.png]
